------- FILE jentzsch2.asm LEVEL 1 PASS 2
      1  10000 ????						; Thomas Jentzsch <tjentzsch@web.de> test case for bug
      2  10000 ????						; in error handling.
      3  10000 ????
      4  10000 ????				       processor	6502
      5  10000 ????				       include	vcs.h
      6  10000 ????
      7  f800					      ORG	$f800
      8  f800
      9  f800				   Start
jentzsch2.asm (10): error: Unknown Mnemonic 'ldz'.
     10  f800					      ldz	#$00	; illegal mnemonic
     11  f800		       10 f8		      bpl	.error	; undefined label
     12  f802
     13  fffc					      org	$fffc
     14  fffc		       00 f8		      .word.w	Start
     15  fffe		       00 f8		      .word.w	Start
