------- FILE negative.asm LEVEL 1 PASS 1
      1  0000 ????						; Test negative literals.
      2  0000 ????						;
      3  0000 ????						; This came about because of the "-1 bug" in 2.20.10 and
      4  0000 ????						; will hopefully ensure that no such bug ever returns to
      5  0000 ????						; haunt us again...
      6  0000 ????						;
      7  0000 ????						; Peter H. Froehlich
      8  0000 ????						; phf at acm dot org
      9  0000 ????
     10  0000 ????				      .processor	6502
     11  0000					      .org	0
     12  0000
     13  0000		       a9 00		      lda	#0
     14  0002							;	lda	#+0	;syntax error? needs a FIX as well :-)
     15  0002		       a9 00		      lda	#-0
     16  0004
     17  0004		       a9 01		      lda	#1
     18  0006		       a9 ff		      lda	#-1
     19  0008
     20  0008		       a9 7f		      lda	#127
     21  000a		       a9 80		      lda	#128
     22  000c		       a9 81		      lda	#129
     23  000e
     24  000e		       a9 81		      lda	#-127
     25  0010		       a9 80		      lda	#-128
     26  0012		       a9 7f		      lda	#-129
     27  0014
     28  0014		       a9 fe		      lda	#254
     29  0016		       a9 ff		      lda	#255
negative.asm (30): error: Value in 'lda #256' must be <$100.
     30  0018		       a9 00		      lda	#256	; should fail? does fail!
     31  001a
     32  001a		       a9 02		      lda	#-254
     33  001c		       a9 01		      lda	#-255
     34  001e		       a9 00		      lda	#-256	; should fail? does NOT yet fail?
     35  0020
negative.asm (36): error: Value in 'lda #1024' must be <$100.
     36  0020		       a9 00		      lda	#1024	; should fail? does fail!
     37  0022		       a9 00		      lda	#-1024	; should fail? does NOT yet fail?
     38  0024
     39  0024					      .end
