:103CA90085094C00F0FFFFFFFFFFFFFFFFFFFFFF4C
:103CB900FFFFFFFFFFFFFFFFFFFFFFFFFFFFFFFF0B
:103CC900FFFFFFFFFFFFFFFFFFFFFFFFFFFFFFFFFB
:103CD900FFFFFFFFFFFFFFFFFFFFFFFFFFFFFFFFEB
:103CE900FFFFFFFFFFFFFFFFFFFFFFFFFFFFFFFFDB
:103CF900FFFFFFFFFFFFFFFFFFFFFFFFFFFFFFFFCB
:103D0900FFFFFFFFFFFFFFFFFFFFFFFFFFFFFFFFBA
:103D1900FFFFFFFFFFFFFFFFFFFFFFFFFFFFFFFFAA
:103D2900FFFFFFFFFFFFFFFFFFFFFFFFFFFFFFFF9A
:103D3900FFFFFFFFFFFFFFFFFFFFFFFFFFFFFFFF8A
:103D4900FFFFFFFFFFFFFFFFFFFFFFFFFFFFFFFF7A
:103D5900FFFFFFFFFFFFFFFFFFFFFFFFFFFFFFFF6A
:103D6900FFFFFFFFFFFFFFFFFFFFFFFFFFFFFFFF5A
:103D7900FFFFFFFFFFFFFFFFFFFFFFFFFFFFFFFF4A
:103D8900FFFFFFFFFFFFFFFFFFFFFFFFFFFFFFFF3A
:103D9900FFFFFFFFFFFFFFFFFFFFFFFFFFFFFFFF2A
:103DA900FFFFFFFFFFFFFFFFFFFFFFFFFFFFFFFF1A
:103DB900FFFFFFFFFFFFFFFFFFFFFFFFFFFFFFFF0A
:103DC900FFFFFFFFFFFFFFFFFFFFFFFFFFFFFFFFFA
:103DD900FFFFFFFFFFFFFFFFFFFFFFFFFFFFFFFFEA
:103DE900FFFFFFFFFFFFFFFFFFFFFFFFFFFFFFFFDA
:103DF900FFFFFFFFFFFFFFFFFFFFFFFFFFFFFFFFCA
:103E0900FFFFFFFFFFFFFFFFFFFFFFFFFFFFFFFFB9
:103E1900FFFFFFFFFFFFFFFFFFFFFFFFFFFFFFFFA9
:103E2900FFFFFFFFFFFFFFFFFFFFFFFFFFFFFFFF99
:103E3900FFFFFFFFFFFFFFFFFFFFFFFFFFFFFFFF89
:103E4900FFFFFFFFFFFFFFFFFFFFFFFFFFFFFFFF79
:103E5900FFFFFFFFFFFFFFFFFFFFFFFFFFFFFFFF69
:103E6900FFFFFFFFFFFFFFFFFFFFFFFFFFFFFFFF59
:103E7900FFFFFFFFFFFFFFFFFFFFFFFFFFFFFFFF49
:103E8900FFFFFFFFFFFFFFFFFFFFFFFFFFFFFFFF39
:103E9900FFFFFFFFFFFFFFFFFFFFFFFFFFFFFFFF29
:103EA900FFFFFFFFFFFFFFFFFFFFFFFFFFFFFFFF19
:103EB900FFFFFFFFFFFFFFFFFFFFFFFFFFFFFFFF09
:103EC900FFFFFFFFFFFFFFFFFFFFFFFFFFFFFFFFF9
:103ED900FFFFFFFFFFFFFFFFFFFFFFFFFFFFFFFFE9
:103EE900FFFFFFFFFFFFFFFFFFFFFFFFFFFFFFFFD9
:103EF900FFFFFFFFFFFFFFFFFFFFFFFFFFFFFFFFC9
:103F0900FFFFFFFFFFFFFFFFFFFFFFFFFFFFFFFFB8
:103F1900FFFFFFFFFFFFFFFFFFFFFFFFFFFFFFFFA8
:103F2900FFFFFFFFFFFFFFFFFFFFFFFFFFFFFFFF98
:103F3900FFFFFFFFFFFFFFFFFFFFFFFFFFFFFFFF88
:103F4900FFFFFFFFFFFFFFFFFFFFFFFFFFFFFFFF78
:103F5900FFFFFFFFFFFFFFFFFFFFFFFFFFFFFFFF68
:103F6900FFFFFFFFFFFFFFFFFFFFFFFFFFFFFFFF58
:103F7900FFFFFFFFFFFFFFFFFFFFFFFFFFFFFFFF48
:103F8900FFFFFFFFFFFFFFFFFFFFFFFFFFFFFFFF38
:103F9900FFFFFFFFFFFFFFFFFFFFFFFFFFFFFFFF28
:103FA900FFFFFFFFFFFFFFFFFFFFFFFFFFFFFFFF18
:103FB900FFFFFFFFFFFFFFFFFFFFFFFFFFFFFFFF08
:103FC900FFFFFFFFFFFFFFFFFFFFFFFFFFFFFFFFF8
:103FD900FFFFFFFFFFFFFFFFFFFFFFFFFFFFFFFFE8
:103FE900FFFFFFFFFFFFFFFFFFFFFFFFFFFFFFFFD8
:103FF900FFFFFFFFFFFFFFFFFFFFFFFFFFFFFFFFC8
:10400900FFFFFFFFFFFFFFFFFFFFFFFFFFFFFFFFB7
:10401900FFFFFFFFFFFFFFFFFFFFFFFFFFFFFFFFA7
:10402900FFFFFFFFFFFFFFFFFFFFFFFFFFFFFFFF97
:10403900FFFFFFFFFFFFFFFFFFFFFFFFFFFFFFFF87
:10404900FFFFFFFFFFFFFFFFFFFFFFFFFFFFFFFF77
:10405900FFFFFFFFFFFFFFFFFFFFFFFFFFFFFFFF67
:10406900FFFFFFFFFFFFFFFFFFFFFFFFFFFFFFFF57
:10407900FFFFFFFFFFFFFFFFFFFFFFFFFFFFFFFF47
:10408900FFFFFFFFFFFFFFFFFFFFFFFFFFFFFFFF37
:10409900FFFFFFFFFFFFFFFFFFFFFFFFFFFFFFFF27
:1040A900FFFFFFFFFFFFFFFFFFFFFFFFFFFFFFFF17
:1040B900FFFFFFFFFFFFFFFFFFFFFFFFFFFFFFFF07
:1040C900FFFFFFFFFFFFFFFFFFFFFFFFFFFFFFFFF7
:1040D900FFFFFFFFFFFFFFFFFFFFFFFFFFFFFFFFE7
:1040E900FFFFFFFFFFFFFFFFFFFFFFFFFFFFFFFFD7
:1040F900FFFFFFFFFFFFFFFFFFFFFFFFFFFFFFFFC7
:10410900FFFFFFFFFFFFFFFFFFFFFFFFFFFFFFFFB6
:10411900FFFFFFFFFFFFFFFFFFFFFFFFFFFFFFFFA6
:10412900FFFFFFFFFFFFFFFFFFFFFFFFFFFFFFFF96
:10413900FFFFFFFFFFFFFFFFFFFFFFFFFFFFFFFF86
:10414900FFFFFFFFFFFFFFFFFFFFFFFFFFFFFFFF76
:10415900FFFFFFFFFFFFFFFFFFFFFFFFFFFFFFFF66
:10416900FFFFFFFFFFFFFFFFFFFFFFFFFFFFFFFF56
:10417900FFFFFFFFFFFFFFFFFFFFFFFFFFFFFFFF46
:10418900FFFFFFFFFFFFFFFFFFFFFFFFFFFFFFFF36
:10419900FFFFFFFFFFFFFFFFFFFFFFFFFFFFFFFF26
:1041A900FFFFFFFFFFFFFFFFFFFFFFFFFFFFFFFF16
:1041B900FFFFFFFFFFFFFFFFFFFFFFFFFFFFFFFF06
:1041C900FFFFFFFFFFFFFFFFFFFFFFFFFFFFFFFFF6
:1041D900FFFFFFFFFFFFFFFFFFFFFFFFFFFFFFFFE6
:1041E900FFFFFFFFFFFFFFFFFFFFFFFFFFFFFFFFD6
:1041F900FFFFFFFFFFFFFFFFFFFFFFFFFFFFFFFFC6
:10420900FFFFFFFFFFFFFFFFFFFFFFFFFFFFFFFFB5
:10421900FFFFFFFFFFFFFFFFFFFFFFFFFFFFFFFFA5
:10422900FFFFFFFFFFFFFFFFFFFFFFFFFFFFFFFF95
:10423900FFFFFFFFFFFFFFFFFFFFFFFFFFFFFFFF85
:10424900FFFFFFFFFFFFFFFFFFFFFFFFFFFFFFFF75
:10425900FFFFFFFFFFFFFFFFFFFFFFFFFFFFFFFF65
:10426900FFFFFFFFFFFFFFFFFFFFFFFFFFFFFFFF55
:10427900FFFFFFFFFFFFFFFFFFFFFFFFFFFFFFFF45
:10428900FFFFFFFFFFFFFFFFFFFFFFFFFFFFFFFF35
:10429900FFFFFFFFFFFFFFFFFFFFFFFFFFFFFFFF25
:1042A900FFFFFFFFFFFFFFFFFFFFFFFFFFFFFFFF15
:1042B900FFFFFFFFFFFFFFFFFFFFFFFFFFFFFFFF05
:1042C900FFFFFFFFFFFFFFFFFFFFFFFFFFFFFFFFF5
:1042D900FFFFFFFFFFFFFFFFFFFFFFFFFFFFFFFFE5
:1042E900FFFFFFFFFFFFFFFFFFFFFFFFFFFFFFFFD5
:1042F900FFFFFFFFFFFFFFFFFFFFFFFFFFFFFFFFC5
:10430900FFFFFFFFFFFFFFFFFFFFFFFFFFFFFFFFB4
:10431900FFFFFFFFFFFFFFFFFFFFFFFFFFFFFFFFA4
:10432900FFFFFFFFFFFFFFFFFFFFFFFFFFFFFFFF94
:10433900FFFFFFFFFFFFFFFFFFFFFFFFFFFFFFFF84
:10434900FFFFFFFFFFFFFFFFFFFFFFFFFFFFFFFF74
:10435900FFFFFFFFFFFFFFFFFFFFFFFFFFFFFFFF64
:10436900FFFFFFFFFFFFFFFFFFFFFFFFFFFFFFFF54
:10437900FFFFFFFFFFFFFFFFFFFFFFFFFFFFFFFF44
:10438900FFFFFFFFFFFFFFFFFFFFFFFFFFFFFFFF34
:10439900FFFFFFFFFFFFFFFFFFFFFFFFFFFFFFFF24
:1043A900FFFFFFFFFFFFFFFFFFFFFFFFFFFFFFFF14
:1043B900FFFFFFFFFFFFFFFFFFFFFFFFFFFFFFFF04
:1043C900FFFFFFFFFFFFFFFFFFFFFFFFFFFFFFFFF4
:1043D900FFFFFFFFFFFFFFFFFFFFFFFFFFFFFFFFE4
:1043E900FFFFFFFFFFFFFFFFFFFFFFFFFFFFFFFFD4
:1043F900FFFFFFFFFFFFFFFFFFFFFFFFFFFFFFFFC4
:10440900FFFFFFFFFFFFFFFFFFFFFFFFFFFFFFFFB3
:10441900FFFFFFFFFFFFFFFFFFFFFFFFFFFFFFFFA3
:10442900FFFFFFFFFFFFFFFFFFFFFFFFFFFFFFFF93
:10443900FFFFFFFFFFFFFFFFFFFFFFFFFFFFFFFF83
:10444900FFFFFFFFFFFFFFFFFFFFFFFFFFFFFFFF73
:10445900FFFFFFFFFFFFFFFFFFFFFFFFFFFFFFFF63
:10446900FFFFFFFFFFFFFFFFFFFFFFFFFFFFFFFF53
:10447900FFFFFFFFFFFFFFFFFFFFFFFFFFFFFFFF43
:10448900FFFFFFFFFFFFFFFFFFFFFFFFFFFFFFFF33
:10449900FFFFFFFFFFFFFFFFFFFFFFFFFFFFFFFF23
:1044A900FFFFFFFFFFFFFFFFFFFFFFFFFFFFFFFF13
:1044B900FFFFFFFFFFFFFFFFFFFFFFFFFFFFFFFF03
:1044C900FFFFFFFFFFFFFFFFFFFFFFFFFFFFFFFFF3
:1044D900FFFFFFFFFFFFFFFFFFFFFFFFFFFFFFFFE3
:1044E900FFFFFFFFFFFFFFFFFFFFFFFFFFFFFFFFD3
:1044F900FFFFFFFFFFFFFFFFFFFFFFFFFFFFFFFFC3
:10450900FFFFFFFFFFFFFFFFFFFFFFFFFFFFFFFFB2
:10451900FFFFFFFFFFFFFFFFFFFFFFFFFFFFFFFFA2
:10452900FFFFFFFFFFFFFFFFFFFFFFFFFFFFFFFF92
:10453900FFFFFFFFFFFFFFFFFFFFFFFFFFFFFFFF82
:10454900FFFFFFFFFFFFFFFFFFFFFFFFFFFFFFFF72
:10455900FFFFFFFFFFFFFFFFFFFFFFFFFFFFFFFF62
:10456900FFFFFFFFFFFFFFFFFFFFFFFFFFFFFFFF52
:10457900FFFFFFFFFFFFFFFFFFFFFFFFFFFFFFFF42
:10458900FFFFFFFFFFFFFFFFFFFFFFFFFFFFFFFF32
:10459900FFFFFFFFFFFFFFFFFFFFFFFFFFFFFFFF22
:1045A900FFFFFFFFFFFFFFFFFFFFFFFFFFFFFFFF12
:1045B900FFFFFFFFFFFFFFFFFFFFFFFFFFFFFFFF02
:1045C900FFFFFFFFFFFFFFFFFFFFFFFFFFFFFFFFF2
:1045D900FFFFFFFFFFFFFFFFFFFFFFFFFFFFFFFFE2
:1045E900FFFFFFFFFFFFFFFFFFFFFFFFFFFFFFFFD2
:1045F900FFFFFFFFFFFFFFFFFFFFFFFFFFFFFFFFC2
:10460900FFFFFFFFFFFFFFFFFFFFFFFFFFFFFFFFB1
:10461900FFFFFFFFFFFFFFFFFFFFFFFFFFFFFFFFA1
:10462900FFFFFFFFFFFFFFFFFFFFFFFFFFFFFFFF91
:10463900FFFFFFFFFFFFFFFFFFFFFFFFFFFFFFFF81
:10464900FFFFFFFFFFFFFFFFFFFFFFFFFFFFFFFF71
:10465900FFFFFFFFFFFFFFFFFFFFFFFFFFFFFFFF61
:10466900FFFFFFFFFFFFFFFFFFFFFFFFFFFFFFFF51
:10467900FFFFFFFFFFFFFFFFFFFFFFFFFFFFFFFF41
:10468900FFFFFFFFFFFFFFFFFFFFFFFFFFFFFFFF31
:10469900FFFFFFFFFFFFFFFFFFFFFFFFFFFFFFFF21
:1046A900FFFFFFFFFFFFFFFFFFFFFFFFFFFFFFFF11
:1046B900FFFFFFFFFFFFFFFFFFFFFFFFFFFFFFFF01
:1046C900FFFFFFFFFFFFFFFFFFFFFFFFFFFFFFFFF1
:1046D900FFFFFFFFFFFFFFFFFFFFFFFFFFFFFFFFE1
:1046E900FFFFFFFFFFFFFFFFFFFFFFFFFFFFFFFFD1
:1046F900FFFFFFFFFFFFFFFFFFFFFFFFFFFFFFFFC1
:10470900FFFFFFFFFFFFFFFFFFFFFFFFFFFFFFFFB0
:10471900FFFFFFFFFFFFFFFFFFFFFFFFFFFFFFFFA0
:10472900FFFFFFFFFFFFFFFFFFFFFFFFFFFFFFFF90
:10473900FFFFFFFFFFFFFFFFFFFFFFFFFFFFFFFF80
:10474900FFFFFFFFFFFFFFFFFFFFFFFFFFFFFFFF70
:10475900FFFFFFFFFFFFFFFFFFFFFFFFFFFFFFFF60
:10476900FFFFFFFFFFFFFFFFFFFFFFFFFFFFFFFF50
:10477900FFFFFFFFFFFFFFFFFFFFFFFFFFFFFFFF40
:10478900FFFFFFFFFFFFFFFFFFFFFFFFFFFFFFFF30
:10479900FFFFFFFFFFFFFFFFFFFFFFFFFFFFFFFF20
:1047A900FFFFFFFFFFFFFFFFFFFFFFFFFFFFFFFF10
:1047B900FFFFFFFFFFFFFFFFFFFFFFFFFFFFFFFF00
:1047C900FFFFFFFFFFFFFFFFFFFFFFFFFFFFFFFFF0
:1047D900FFFFFFFFFFFFFFFFFFFFFFFFFFFFFFFFE0
:1047E900FFFFFFFFFFFFFFFFFFFFFFFFFFFFFFFFD0
:1047F900FFFFFFFFFFFFFFFFFFFFFFFFFFFFFFFFC0
:10480900FFFFFFFFFFFFFFFFFFFFFFFFFFFFFFFFAF
:10481900FFFFFFFFFFFFFFFFFFFFFFFFFFFFFFFF9F
:10482900FFFFFFFFFFFFFFFFFFFFFFFFFFFFFFFF8F
:10483900FFFFFFFFFFFFFFFFFFFFFFFFFFFFFFFF7F
:10484900FFFFFFFFFFFFFFFFFFFFFFFFFFFFFFFF6F
:10485900FFFFFFFFFFFFFFFFFFFFFFFFFFFFFFFF5F
:10486900FFFFFFFFFFFFFFFFFFFFFFFFFFFFFFFF4F
:10487900FFFFFFFFFFFFFFFFFFFFFFFFFFFFFFFF3F
:10488900FFFFFFFFFFFFFFFFFFFFFFFFFFFFFFFF2F
:10489900FFFFFFFFFFFFFFFFFFFFFFFFFFFFFFFF1F
:1048A900FFFFFFFFFFFFFFFFFFFFFFFFFFFFFFFF0F
:1048B900FFFFFFFFFFFFFFFFFFFFFFFFFFFFFFFFFF
:1048C900FFFFFFFFFFFFFFFFFFFFFFFFFFFFFFFFEF
:1048D900FFFFFFFFFFFFFFFFFFFFFFFFFFFFFFFFDF
:1048E900FFFFFFFFFFFFFFFFFFFFFFFFFFFFFFFFCF
:1048F900FFFFFFFFFFFFFFFFFFFFFFFFFFFFFFFFBF
:10490900FFFFFFFFFFFFFFFFFFFFFFFFFFFFFFFFAE
:10491900FFFFFFFFFFFFFFFFFFFFFFFFFFFFFFFF9E
:10492900FFFFFFFFFFFFFFFFFFFFFFFFFFFFFFFF8E
:10493900FFFFFFFFFFFFFFFFFFFFFFFFFFFFFFFF7E
:10494900FFFFFFFFFFFFFFFFFFFFFFFFFFFFFFFF6E
:10495900FFFFFFFFFFFFFFFFFFFFFFFFFFFFFFFF5E
:10496900FFFFFFFFFFFFFFFFFFFFFFFFFFFFFFFF4E
:10497900FFFFFFFFFFFFFFFFFFFFFFFFFFFFFFFF3E
:10498900FFFFFFFFFFFFFFFFFFFFFFFFFFFFFFFF2E
:10499900FFFFFFFFFFFFFFFFFFFFFFFFFFFFFFFF1E
:1049A900FFFFFFFFFFFFFFFFFFFFFFFFFFFFFFFF0E
:1049B900FFFFFFFFFFFFFFFFFFFFFFFFFFFFFFFFFE
:1049C900FFFFFFFFFFFFFFFFFFFFFFFFFFFFFFFFEE
:1049D900FFFFFFFFFFFFFFFFFFFFFFFFFFFFFFFFDE
:1049E900FFFFFFFFFFFFFFFFFFFFFFFFFFFFFFFFCE
:1049F900FFFFFFFFFFFFFFFFFFFFFFFFFFFFFFFFBE
:104A0900FFFFFFFFFFFFFFFFFFFFFFFFFFFFFFFFAD
:104A1900FFFFFFFFFFFFFFFFFFFFFFFFFFFFFFFF9D
:104A2900FFFFFFFFFFFFFFFFFFFFFFFFFFFFFFFF8D
:104A3900FFFFFFFFFFFFFFFFFFFFFFFFFFFFFFFF7D
:104A4900FFFFFFFFFFFFFFFFFFFFFFFFFFFFFFFF6D
:104A5900FFFFFFFFFFFFFFFFFFFFFFFFFFFFFFFF5D
:104A6900FFFFFFFFFFFFFFFFFFFFFFFFFFFFFFFF4D
:104A7900FFFFFFFFFFFFFFFFFFFFFFFFFFFFFFFF3D
:104A8900FFFFFFFFFFFFFFFFFFFFFFFFFFFFFFFF2D
:104A9900FFFFFFFFFFFFFFFFFFFFFFFFFFFFFFFF1D
:104AA900FFFFFFFFFFFFFFFFFFFFFFFFFFFFFFFF0D
:104AB900FFFFFFFFFFFFFFFFFFFFFFFFFFFFFFFFFD
:104AC900FFFFFFFFFFFFFFFFFFFFFFFFFFFFFFFFED
:104AD900FFFFFFFFFFFFFFFFFFFFFFFFFFFFFFFFDD
:104AE900FFFFFFFFFFFFFFFFFFFFFFFFFFFFFFFFCD
:104AF900FFFFFFFFFFFFFFFFFFFFFFFFFFFFFFFFBD
:104B0900FFFFFFFFFFFFFFFFFFFFFFFFFFFFFFFFAC
:104B1900FFFFFFFFFFFFFFFFFFFFFFFFFFFFFFFF9C
:104B2900FFFFFFFFFFFFFFFFFFFFFFFFFFFFFFFF8C
:104B3900FFFFFFFFFFFFFFFFFFFFFFFFFFFFFFFF7C
:104B4900FFFFFFFFFFFFFFFFFFFFFFFFFFFFFFFF6C
:104B5900FFFFFFFFFFFFFFFFFFFFFFFFFFFFFFFF5C
:104B6900FFFFFFFFFFFFFFFFFFFFFFFFFFFFFFFF4C
:104B7900FFFFFFFFFFFFFFFFFFFFFFFFFFFFFFFF3C
:104B8900FFFFFFFFFFFFFFFFFFFFFFFFFFFFFFFF2C
:104B9900FFFFFFFFFFFFFFFFFFFFFFFFFFFFFFFF1C
:104BA900FFFFFFFFFFFFFFFFFFFFFFFFFFFFFFFF0C
:104BB900FFFFFFFFFFFFFFFFFFFFFFFFFFFFFFFFFC
:104BC900FFFFFFFFFFFFFFFFFFFFFFFFFFFFFFFFEC
:104BD900FFFFFFFFFFFFFFFFFFFFFFFFFFFFFFFFDC
:104BE900FFFFFFFFFFFFFFFFFFFFFFFFFFFFFFFFCC
:104BF900FFFFFFFFFFFFFFFFFFFFFFFFFFFFFFFFBC
:104C0900FFFFFFFFFFFFFFFFFFFFFFFFFFFFFFFFAB
:104C1900FFFFFFFFFFFFFFFFFFFFFFFFFFFFFFFF9B
:104C2900FFFFFFFFFFFFFFFFFFFFFFFFFFFFFFFF8B
:104C3900FFFFFFFFFFFFFFFFFFFFFFFFFFFFFFFF7B
:104C4900FFFFFFFFFFFFFFFFFFFFFFFFFFFFFFFF6B
:104C5900FFFFFFFFFFFFFFFFFFFFFFFFFFFFFFFF5B
:104C6900FFFFFFFFFFFFFFFFFFFFFFFFFFFFFFFF4B
:104C7900FFFFFFFFFFFFFFFFFFFFFFFFFFFFFFFF3B
:104C8900FFFFFFFFFFFFFFFFFFFFFFFFFFFFFFFF2B
:0E4C9900FFFFFFFFFFFFFFFFFFFF00F000F037
:00000001FF
