:10CEA90085094C00F0FFFFFFFFFFFFFFFFFFFFFFBA
:10CEB900FFFFFFFFFFFFFFFFFFFFFFFFFFFFFFFF79
:10CEC900FFFFFFFFFFFFFFFFFFFFFFFFFFFFFFFF69
:10CED900FFFFFFFFFFFFFFFFFFFFFFFFFFFFFFFF59
:10CEE900FFFFFFFFFFFFFFFFFFFFFFFFFFFFFFFF49
:10CEF900FFFFFFFFFFFFFFFFFFFFFFFFFFFFFFFF39
:10CF0900FFFFFFFFFFFFFFFFFFFFFFFFFFFFFFFF28
:10CF1900FFFFFFFFFFFFFFFFFFFFFFFFFFFFFFFF18
:10CF2900FFFFFFFFFFFFFFFFFFFFFFFFFFFFFFFF08
:10CF3900FFFFFFFFFFFFFFFFFFFFFFFFFFFFFFFFF8
:10CF4900FFFFFFFFFFFFFFFFFFFFFFFFFFFFFFFFE8
:10CF5900FFFFFFFFFFFFFFFFFFFFFFFFFFFFFFFFD8
:10CF6900FFFFFFFFFFFFFFFFFFFFFFFFFFFFFFFFC8
:10CF7900FFFFFFFFFFFFFFFFFFFFFFFFFFFFFFFFB8
:10CF8900FFFFFFFFFFFFFFFFFFFFFFFFFFFFFFFFA8
:10CF9900FFFFFFFFFFFFFFFFFFFFFFFFFFFFFFFF98
:10CFA900FFFFFFFFFFFFFFFFFFFFFFFFFFFFFFFF88
:10CFB900FFFFFFFFFFFFFFFFFFFFFFFFFFFFFFFF78
:10CFC900FFFFFFFFFFFFFFFFFFFFFFFFFFFFFFFF68
:10CFD900FFFFFFFFFFFFFFFFFFFFFFFFFFFFFFFF58
:10CFE900FFFFFFFFFFFFFFFFFFFFFFFFFFFFFFFF48
:10CFF900FFFFFFFFFFFFFFFFFFFFFFFFFFFFFFFF38
:10D00900FFFFFFFFFFFFFFFFFFFFFFFFFFFFFFFF27
:10D01900FFFFFFFFFFFFFFFFFFFFFFFFFFFFFFFF17
:10D02900FFFFFFFFFFFFFFFFFFFFFFFFFFFFFFFF07
:10D03900FFFFFFFFFFFFFFFFFFFFFFFFFFFFFFFFF7
:10D04900FFFFFFFFFFFFFFFFFFFFFFFFFFFFFFFFE7
:10D05900FFFFFFFFFFFFFFFFFFFFFFFFFFFFFFFFD7
:10D06900FFFFFFFFFFFFFFFFFFFFFFFFFFFFFFFFC7
:10D07900FFFFFFFFFFFFFFFFFFFFFFFFFFFFFFFFB7
:10D08900FFFFFFFFFFFFFFFFFFFFFFFFFFFFFFFFA7
:10D09900FFFFFFFFFFFFFFFFFFFFFFFFFFFFFFFF97
:10D0A900FFFFFFFFFFFFFFFFFFFFFFFFFFFFFFFF87
:10D0B900FFFFFFFFFFFFFFFFFFFFFFFFFFFFFFFF77
:10D0C900FFFFFFFFFFFFFFFFFFFFFFFFFFFFFFFF67
:10D0D900FFFFFFFFFFFFFFFFFFFFFFFFFFFFFFFF57
:10D0E900FFFFFFFFFFFFFFFFFFFFFFFFFFFFFFFF47
:10D0F900FFFFFFFFFFFFFFFFFFFFFFFFFFFFFFFF37
:10D10900FFFFFFFFFFFFFFFFFFFFFFFFFFFFFFFF26
:10D11900FFFFFFFFFFFFFFFFFFFFFFFFFFFFFFFF16
:10D12900FFFFFFFFFFFFFFFFFFFFFFFFFFFFFFFF06
:10D13900FFFFFFFFFFFFFFFFFFFFFFFFFFFFFFFFF6
:10D14900FFFFFFFFFFFFFFFFFFFFFFFFFFFFFFFFE6
:10D15900FFFFFFFFFFFFFFFFFFFFFFFFFFFFFFFFD6
:10D16900FFFFFFFFFFFFFFFFFFFFFFFFFFFFFFFFC6
:10D17900FFFFFFFFFFFFFFFFFFFFFFFFFFFFFFFFB6
:10D18900FFFFFFFFFFFFFFFFFFFFFFFFFFFFFFFFA6
:10D19900FFFFFFFFFFFFFFFFFFFFFFFFFFFFFFFF96
:10D1A900FFFFFFFFFFFFFFFFFFFFFFFFFFFFFFFF86
:10D1B900FFFFFFFFFFFFFFFFFFFFFFFFFFFFFFFF76
:10D1C900FFFFFFFFFFFFFFFFFFFFFFFFFFFFFFFF66
:10D1D900FFFFFFFFFFFFFFFFFFFFFFFFFFFFFFFF56
:10D1E900FFFFFFFFFFFFFFFFFFFFFFFFFFFFFFFF46
:10D1F900FFFFFFFFFFFFFFFFFFFFFFFFFFFFFFFF36
:10D20900FFFFFFFFFFFFFFFFFFFFFFFFFFFFFFFF25
:10D21900FFFFFFFFFFFFFFFFFFFFFFFFFFFFFFFF15
:10D22900FFFFFFFFFFFFFFFFFFFFFFFFFFFFFFFF05
:10D23900FFFFFFFFFFFFFFFFFFFFFFFFFFFFFFFFF5
:10D24900FFFFFFFFFFFFFFFFFFFFFFFFFFFFFFFFE5
:10D25900FFFFFFFFFFFFFFFFFFFFFFFFFFFFFFFFD5
:10D26900FFFFFFFFFFFFFFFFFFFFFFFFFFFFFFFFC5
:10D27900FFFFFFFFFFFFFFFFFFFFFFFFFFFFFFFFB5
:10D28900FFFFFFFFFFFFFFFFFFFFFFFFFFFFFFFFA5
:10D29900FFFFFFFFFFFFFFFFFFFFFFFFFFFFFFFF95
:10D2A900FFFFFFFFFFFFFFFFFFFFFFFFFFFFFFFF85
:10D2B900FFFFFFFFFFFFFFFFFFFFFFFFFFFFFFFF75
:10D2C900FFFFFFFFFFFFFFFFFFFFFFFFFFFFFFFF65
:10D2D900FFFFFFFFFFFFFFFFFFFFFFFFFFFFFFFF55
:10D2E900FFFFFFFFFFFFFFFFFFFFFFFFFFFFFFFF45
:10D2F900FFFFFFFFFFFFFFFFFFFFFFFFFFFFFFFF35
:10D30900FFFFFFFFFFFFFFFFFFFFFFFFFFFFFFFF24
:10D31900FFFFFFFFFFFFFFFFFFFFFFFFFFFFFFFF14
:10D32900FFFFFFFFFFFFFFFFFFFFFFFFFFFFFFFF04
:10D33900FFFFFFFFFFFFFFFFFFFFFFFFFFFFFFFFF4
:10D34900FFFFFFFFFFFFFFFFFFFFFFFFFFFFFFFFE4
:10D35900FFFFFFFFFFFFFFFFFFFFFFFFFFFFFFFFD4
:10D36900FFFFFFFFFFFFFFFFFFFFFFFFFFFFFFFFC4
:10D37900FFFFFFFFFFFFFFFFFFFFFFFFFFFFFFFFB4
:10D38900FFFFFFFFFFFFFFFFFFFFFFFFFFFFFFFFA4
:10D39900FFFFFFFFFFFFFFFFFFFFFFFFFFFFFFFF94
:10D3A900FFFFFFFFFFFFFFFFFFFFFFFFFFFFFFFF84
:10D3B900FFFFFFFFFFFFFFFFFFFFFFFFFFFFFFFF74
:10D3C900FFFFFFFFFFFFFFFFFFFFFFFFFFFFFFFF64
:10D3D900FFFFFFFFFFFFFFFFFFFFFFFFFFFFFFFF54
:10D3E900FFFFFFFFFFFFFFFFFFFFFFFFFFFFFFFF44
:10D3F900FFFFFFFFFFFFFFFFFFFFFFFFFFFFFFFF34
:10D40900FFFFFFFFFFFFFFFFFFFFFFFFFFFFFFFF23
:10D41900FFFFFFFFFFFFFFFFFFFFFFFFFFFFFFFF13
:10D42900FFFFFFFFFFFFFFFFFFFFFFFFFFFFFFFF03
:10D43900FFFFFFFFFFFFFFFFFFFFFFFFFFFFFFFFF3
:10D44900FFFFFFFFFFFFFFFFFFFFFFFFFFFFFFFFE3
:10D45900FFFFFFFFFFFFFFFFFFFFFFFFFFFFFFFFD3
:10D46900FFFFFFFFFFFFFFFFFFFFFFFFFFFFFFFFC3
:10D47900FFFFFFFFFFFFFFFFFFFFFFFFFFFFFFFFB3
:10D48900FFFFFFFFFFFFFFFFFFFFFFFFFFFFFFFFA3
:10D49900FFFFFFFFFFFFFFFFFFFFFFFFFFFFFFFF93
:10D4A900FFFFFFFFFFFFFFFFFFFFFFFFFFFFFFFF83
:10D4B900FFFFFFFFFFFFFFFFFFFFFFFFFFFFFFFF73
:10D4C900FFFFFFFFFFFFFFFFFFFFFFFFFFFFFFFF63
:10D4D900FFFFFFFFFFFFFFFFFFFFFFFFFFFFFFFF53
:10D4E900FFFFFFFFFFFFFFFFFFFFFFFFFFFFFFFF43
:10D4F900FFFFFFFFFFFFFFFFFFFFFFFFFFFFFFFF33
:10D50900FFFFFFFFFFFFFFFFFFFFFFFFFFFFFFFF22
:10D51900FFFFFFFFFFFFFFFFFFFFFFFFFFFFFFFF12
:10D52900FFFFFFFFFFFFFFFFFFFFFFFFFFFFFFFF02
:10D53900FFFFFFFFFFFFFFFFFFFFFFFFFFFFFFFFF2
:10D54900FFFFFFFFFFFFFFFFFFFFFFFFFFFFFFFFE2
:10D55900FFFFFFFFFFFFFFFFFFFFFFFFFFFFFFFFD2
:10D56900FFFFFFFFFFFFFFFFFFFFFFFFFFFFFFFFC2
:10D57900FFFFFFFFFFFFFFFFFFFFFFFFFFFFFFFFB2
:10D58900FFFFFFFFFFFFFFFFFFFFFFFFFFFFFFFFA2
:10D59900FFFFFFFFFFFFFFFFFFFFFFFFFFFFFFFF92
:10D5A900FFFFFFFFFFFFFFFFFFFFFFFFFFFFFFFF82
:10D5B900FFFFFFFFFFFFFFFFFFFFFFFFFFFFFFFF72
:10D5C900FFFFFFFFFFFFFFFFFFFFFFFFFFFFFFFF62
:10D5D900FFFFFFFFFFFFFFFFFFFFFFFFFFFFFFFF52
:10D5E900FFFFFFFFFFFFFFFFFFFFFFFFFFFFFFFF42
:10D5F900FFFFFFFFFFFFFFFFFFFFFFFFFFFFFFFF32
:10D60900FFFFFFFFFFFFFFFFFFFFFFFFFFFFFFFF21
:10D61900FFFFFFFFFFFFFFFFFFFFFFFFFFFFFFFF11
:10D62900FFFFFFFFFFFFFFFFFFFFFFFFFFFFFFFF01
:10D63900FFFFFFFFFFFFFFFFFFFFFFFFFFFFFFFFF1
:10D64900FFFFFFFFFFFFFFFFFFFFFFFFFFFFFFFFE1
:10D65900FFFFFFFFFFFFFFFFFFFFFFFFFFFFFFFFD1
:10D66900FFFFFFFFFFFFFFFFFFFFFFFFFFFFFFFFC1
:10D67900FFFFFFFFFFFFFFFFFFFFFFFFFFFFFFFFB1
:10D68900FFFFFFFFFFFFFFFFFFFFFFFFFFFFFFFFA1
:10D69900FFFFFFFFFFFFFFFFFFFFFFFFFFFFFFFF91
:10D6A900FFFFFFFFFFFFFFFFFFFFFFFFFFFFFFFF81
:10D6B900FFFFFFFFFFFFFFFFFFFFFFFFFFFFFFFF71
:10D6C900FFFFFFFFFFFFFFFFFFFFFFFFFFFFFFFF61
:10D6D900FFFFFFFFFFFFFFFFFFFFFFFFFFFFFFFF51
:10D6E900FFFFFFFFFFFFFFFFFFFFFFFFFFFFFFFF41
:10D6F900FFFFFFFFFFFFFFFFFFFFFFFFFFFFFFFF31
:10D70900FFFFFFFFFFFFFFFFFFFFFFFFFFFFFFFF20
:10D71900FFFFFFFFFFFFFFFFFFFFFFFFFFFFFFFF10
:10D72900FFFFFFFFFFFFFFFFFFFFFFFFFFFFFFFF00
:10D73900FFFFFFFFFFFFFFFFFFFFFFFFFFFFFFFFF0
:10D74900FFFFFFFFFFFFFFFFFFFFFFFFFFFFFFFFE0
:10D75900FFFFFFFFFFFFFFFFFFFFFFFFFFFFFFFFD0
:10D76900FFFFFFFFFFFFFFFFFFFFFFFFFFFFFFFFC0
:10D77900FFFFFFFFFFFFFFFFFFFFFFFFFFFFFFFFB0
:10D78900FFFFFFFFFFFFFFFFFFFFFFFFFFFFFFFFA0
:10D79900FFFFFFFFFFFFFFFFFFFFFFFFFFFFFFFF90
:10D7A900FFFFFFFFFFFFFFFFFFFFFFFFFFFFFFFF80
:10D7B900FFFFFFFFFFFFFFFFFFFFFFFFFFFFFFFF70
:10D7C900FFFFFFFFFFFFFFFFFFFFFFFFFFFFFFFF60
:10D7D900FFFFFFFFFFFFFFFFFFFFFFFFFFFFFFFF50
:10D7E900FFFFFFFFFFFFFFFFFFFFFFFFFFFFFFFF40
:10D7F900FFFFFFFFFFFFFFFFFFFFFFFFFFFFFFFF30
:10D80900FFFFFFFFFFFFFFFFFFFFFFFFFFFFFFFF1F
:10D81900FFFFFFFFFFFFFFFFFFFFFFFFFFFFFFFF0F
:10D82900FFFFFFFFFFFFFFFFFFFFFFFFFFFFFFFFFF
:10D83900FFFFFFFFFFFFFFFFFFFFFFFFFFFFFFFFEF
:10D84900FFFFFFFFFFFFFFFFFFFFFFFFFFFFFFFFDF
:10D85900FFFFFFFFFFFFFFFFFFFFFFFFFFFFFFFFCF
:10D86900FFFFFFFFFFFFFFFFFFFFFFFFFFFFFFFFBF
:10D87900FFFFFFFFFFFFFFFFFFFFFFFFFFFFFFFFAF
:10D88900FFFFFFFFFFFFFFFFFFFFFFFFFFFFFFFF9F
:10D89900FFFFFFFFFFFFFFFFFFFFFFFFFFFFFFFF8F
:10D8A900FFFFFFFFFFFFFFFFFFFFFFFFFFFFFFFF7F
:10D8B900FFFFFFFFFFFFFFFFFFFFFFFFFFFFFFFF6F
:10D8C900FFFFFFFFFFFFFFFFFFFFFFFFFFFFFFFF5F
:10D8D900FFFFFFFFFFFFFFFFFFFFFFFFFFFFFFFF4F
:10D8E900FFFFFFFFFFFFFFFFFFFFFFFFFFFFFFFF3F
:10D8F900FFFFFFFFFFFFFFFFFFFFFFFFFFFFFFFF2F
:10D90900FFFFFFFFFFFFFFFFFFFFFFFFFFFFFFFF1E
:10D91900FFFFFFFFFFFFFFFFFFFFFFFFFFFFFFFF0E
:10D92900FFFFFFFFFFFFFFFFFFFFFFFFFFFFFFFFFE
:10D93900FFFFFFFFFFFFFFFFFFFFFFFFFFFFFFFFEE
:10D94900FFFFFFFFFFFFFFFFFFFFFFFFFFFFFFFFDE
:10D95900FFFFFFFFFFFFFFFFFFFFFFFFFFFFFFFFCE
:10D96900FFFFFFFFFFFFFFFFFFFFFFFFFFFFFFFFBE
:10D97900FFFFFFFFFFFFFFFFFFFFFFFFFFFFFFFFAE
:10D98900FFFFFFFFFFFFFFFFFFFFFFFFFFFFFFFF9E
:10D99900FFFFFFFFFFFFFFFFFFFFFFFFFFFFFFFF8E
:10D9A900FFFFFFFFFFFFFFFFFFFFFFFFFFFFFFFF7E
:10D9B900FFFFFFFFFFFFFFFFFFFFFFFFFFFFFFFF6E
:10D9C900FFFFFFFFFFFFFFFFFFFFFFFFFFFFFFFF5E
:10D9D900FFFFFFFFFFFFFFFFFFFFFFFFFFFFFFFF4E
:10D9E900FFFFFFFFFFFFFFFFFFFFFFFFFFFFFFFF3E
:10D9F900FFFFFFFFFFFFFFFFFFFFFFFFFFFFFFFF2E
:10DA0900FFFFFFFFFFFFFFFFFFFFFFFFFFFFFFFF1D
:10DA1900FFFFFFFFFFFFFFFFFFFFFFFFFFFFFFFF0D
:10DA2900FFFFFFFFFFFFFFFFFFFFFFFFFFFFFFFFFD
:10DA3900FFFFFFFFFFFFFFFFFFFFFFFFFFFFFFFFED
:10DA4900FFFFFFFFFFFFFFFFFFFFFFFFFFFFFFFFDD
:10DA5900FFFFFFFFFFFFFFFFFFFFFFFFFFFFFFFFCD
:10DA6900FFFFFFFFFFFFFFFFFFFFFFFFFFFFFFFFBD
:10DA7900FFFFFFFFFFFFFFFFFFFFFFFFFFFFFFFFAD
:10DA8900FFFFFFFFFFFFFFFFFFFFFFFFFFFFFFFF9D
:10DA9900FFFFFFFFFFFFFFFFFFFFFFFFFFFFFFFF8D
:10DAA900FFFFFFFFFFFFFFFFFFFFFFFFFFFFFFFF7D
:10DAB900FFFFFFFFFFFFFFFFFFFFFFFFFFFFFFFF6D
:10DAC900FFFFFFFFFFFFFFFFFFFFFFFFFFFFFFFF5D
:10DAD900FFFFFFFFFFFFFFFFFFFFFFFFFFFFFFFF4D
:10DAE900FFFFFFFFFFFFFFFFFFFFFFFFFFFFFFFF3D
:10DAF900FFFFFFFFFFFFFFFFFFFFFFFFFFFFFFFF2D
:10DB0900FFFFFFFFFFFFFFFFFFFFFFFFFFFFFFFF1C
:10DB1900FFFFFFFFFFFFFFFFFFFFFFFFFFFFFFFF0C
:10DB2900FFFFFFFFFFFFFFFFFFFFFFFFFFFFFFFFFC
:10DB3900FFFFFFFFFFFFFFFFFFFFFFFFFFFFFFFFEC
:10DB4900FFFFFFFFFFFFFFFFFFFFFFFFFFFFFFFFDC
:10DB5900FFFFFFFFFFFFFFFFFFFFFFFFFFFFFFFFCC
:10DB6900FFFFFFFFFFFFFFFFFFFFFFFFFFFFFFFFBC
:10DB7900FFFFFFFFFFFFFFFFFFFFFFFFFFFFFFFFAC
:10DB8900FFFFFFFFFFFFFFFFFFFFFFFFFFFFFFFF9C
:10DB9900FFFFFFFFFFFFFFFFFFFFFFFFFFFFFFFF8C
:10DBA900FFFFFFFFFFFFFFFFFFFFFFFFFFFFFFFF7C
:10DBB900FFFFFFFFFFFFFFFFFFFFFFFFFFFFFFFF6C
:10DBC900FFFFFFFFFFFFFFFFFFFFFFFFFFFFFFFF5C
:10DBD900FFFFFFFFFFFFFFFFFFFFFFFFFFFFFFFF4C
:10DBE900FFFFFFFFFFFFFFFFFFFFFFFFFFFFFFFF3C
:10DBF900FFFFFFFFFFFFFFFFFFFFFFFFFFFFFFFF2C
:10DC0900FFFFFFFFFFFFFFFFFFFFFFFFFFFFFFFF1B
:10DC1900FFFFFFFFFFFFFFFFFFFFFFFFFFFFFFFF0B
:10DC2900FFFFFFFFFFFFFFFFFFFFFFFFFFFFFFFFFB
:10DC3900FFFFFFFFFFFFFFFFFFFFFFFFFFFFFFFFEB
:10DC4900FFFFFFFFFFFFFFFFFFFFFFFFFFFFFFFFDB
:10DC5900FFFFFFFFFFFFFFFFFFFFFFFFFFFFFFFFCB
:10DC6900FFFFFFFFFFFFFFFFFFFFFFFFFFFFFFFFBB
:10DC7900FFFFFFFFFFFFFFFFFFFFFFFFFFFFFFFFAB
:10DC8900FFFFFFFFFFFFFFFFFFFFFFFFFFFFFFFF9B
:10DC9900FFFFFFFFFFFFFFFFFFFFFFFFFFFFFFFF8B
:10DCA900FFFFFFFFFFFFFFFFFFFFFFFFFFFFFFFF7B
:10DCB900FFFFFFFFFFFFFFFFFFFFFFFFFFFFFFFF6B
:10DCC900FFFFFFFFFFFFFFFFFFFFFFFFFFFFFFFF5B
:10DCD900FFFFFFFFFFFFFFFFFFFFFFFFFFFFFFFF4B
:10DCE900FFFFFFFFFFFFFFFFFFFFFFFFFFFFFFFF3B
:10DCF900FFFFFFFFFFFFFFFFFFFFFFFFFFFFFFFF2B
:10DD0900FFFFFFFFFFFFFFFFFFFFFFFFFFFFFFFF1A
:10DD1900FFFFFFFFFFFFFFFFFFFFFFFFFFFFFFFF0A
:10DD2900FFFFFFFFFFFFFFFFFFFFFFFFFFFFFFFFFA
:10DD3900FFFFFFFFFFFFFFFFFFFFFFFFFFFFFFFFEA
:10DD4900FFFFFFFFFFFFFFFFFFFFFFFFFFFFFFFFDA
:10DD5900FFFFFFFFFFFFFFFFFFFFFFFFFFFFFFFFCA
:10DD6900FFFFFFFFFFFFFFFFFFFFFFFFFFFFFFFFBA
:10DD7900FFFFFFFFFFFFFFFFFFFFFFFFFFFFFFFFAA
:10DD8900FFFFFFFFFFFFFFFFFFFFFFFFFFFFFFFF9A
:10DD9900FFFFFFFFFFFFFFFFFFFFFFFFFFFFFFFF8A
:10DDA900FFFFFFFFFFFFFFFFFFFFFFFFFFFFFFFF7A
:10DDB900FFFFFFFFFFFFFFFFFFFFFFFFFFFFFFFF6A
:10DDC900FFFFFFFFFFFFFFFFFFFFFFFFFFFFFFFF5A
:10DDD900FFFFFFFFFFFFFFFFFFFFFFFFFFFFFFFF4A
:10DDE900FFFFFFFFFFFFFFFFFFFFFFFFFFFFFFFF3A
:10DDF900FFFFFFFFFFFFFFFFFFFFFFFFFFFFFFFF2A
:10DE0900FFFFFFFFFFFFFFFFFFFFFFFFFFFFFFFF19
:10DE1900FFFFFFFFFFFFFFFFFFFFFFFFFFFFFFFF09
:10DE2900FFFFFFFFFFFFFFFFFFFFFFFFFFFFFFFFF9
:10DE3900FFFFFFFFFFFFFFFFFFFFFFFFFFFFFFFFE9
:10DE4900FFFFFFFFFFFFFFFFFFFFFFFFFFFFFFFFD9
:10DE5900FFFFFFFFFFFFFFFFFFFFFFFFFFFFFFFFC9
:10DE6900FFFFFFFFFFFFFFFFFFFFFFFFFFFFFFFFB9
:10DE7900FFFFFFFFFFFFFFFFFFFFFFFFFFFFFFFFA9
:10DE8900FFFFFFFFFFFFFFFFFFFFFFFFFFFFFFFF99
:0EDE9900FFFFFFFFFFFFFFFFFFFF00F000F0A5
:00000001FF
