
START OF PASS: 1
 Including file "jeff-jetton-examples/bbones3.asm"

----------------------------------------------------------------------
SEGMENT NAME                 INIT PC  INIT RPC FINAL PC FINAL RPC
INITIAL CODE SEGMENT         f000                            f000                           
----------------------------------------------------------------------
0 references to unknown symbols.
0 events requiring another assembler pass.

--- Symbol List (sorted by symbol)
COLUBK                   0009              (R )
INEEPROM                 0000                  
Init                     f009              (R )
MyBGCol                  002a              (R )
SetTIA                   f012              (R )
Start                    f000              (R )
--- End of Symbol List.

Complete.
