:10D87800A2FF9AA9009500CAD0FB8500A9D0850906
:10D888004C0EF0FFFFFFFFFFFFFFFFFFFFFFFFFF53
:10D89800FFFFFFFFFFFFFFFFFFFFFFFFFFFFFFFF90
:10D8A800FFFFFFFFFFFFFFFFFFFFFFFFFFFFFFFF80
:10D8B800FFFFFFFFFFFFFFFFFFFFFFFFFFFFFFFF70
:10D8C800FFFFFFFFFFFFFFFFFFFFFFFFFFFFFFFF60
:10D8D800FFFFFFFFFFFFFFFFFFFFFFFFFFFFFFFF50
:10D8E800FFFFFFFFFFFFFFFFFFFFFFFFFFFFFFFF40
:10D8F800FFFFFFFFFFFFFFFFFFFFFFFFFFFFFFFF30
:10D90800FFFFFFFFFFFFFFFFFFFFFFFFFFFFFFFF1F
:10D91800FFFFFFFFFFFFFFFFFFFFFFFFFFFFFFFF0F
:10D92800FFFFFFFFFFFFFFFFFFFFFFFFFFFFFFFFFF
:10D93800FFFFFFFFFFFFFFFFFFFFFFFFFFFFFFFFEF
:10D94800FFFFFFFFFFFFFFFFFFFFFFFFFFFFFFFFDF
:10D95800FFFFFFFFFFFFFFFFFFFFFFFFFFFFFFFFCF
:10D96800FFFFFFFFFFFFFFFFFFFFFFFFFFFFFFFFBF
:10D97800FFFFFFFFFFFFFFFFFFFFFFFFFFFFFFFFAF
:10D98800FFFFFFFFFFFFFFFFFFFFFFFFFFFFFFFF9F
:10D99800FFFFFFFFFFFFFFFFFFFFFFFFFFFFFFFF8F
:10D9A800FFFFFFFFFFFFFFFFFFFFFFFFFFFFFFFF7F
:10D9B800FFFFFFFFFFFFFFFFFFFFFFFFFFFFFFFF6F
:10D9C800FFFFFFFFFFFFFFFFFFFFFFFFFFFFFFFF5F
:10D9D800FFFFFFFFFFFFFFFFFFFFFFFFFFFFFFFF4F
:10D9E800FFFFFFFFFFFFFFFFFFFFFFFFFFFFFFFF3F
:10D9F800FFFFFFFFFFFFFFFFFFFFFFFFFFFFFFFF2F
:10DA0800FFFFFFFFFFFFFFFFFFFFFFFFFFFFFFFF1E
:10DA1800FFFFFFFFFFFFFFFFFFFFFFFFFFFFFFFF0E
:10DA2800FFFFFFFFFFFFFFFFFFFFFFFFFFFFFFFFFE
:10DA3800FFFFFFFFFFFFFFFFFFFFFFFFFFFFFFFFEE
:10DA4800FFFFFFFFFFFFFFFFFFFFFFFFFFFFFFFFDE
:10DA5800FFFFFFFFFFFFFFFFFFFFFFFFFFFFFFFFCE
:10DA6800FFFFFFFFFFFFFFFFFFFFFFFFFFFFFFFFBE
:10DA7800FFFFFFFFFFFFFFFFFFFFFFFFFFFFFFFFAE
:10DA8800FFFFFFFFFFFFFFFFFFFFFFFFFFFFFFFF9E
:10DA9800FFFFFFFFFFFFFFFFFFFFFFFFFFFFFFFF8E
:10DAA800FFFFFFFFFFFFFFFFFFFFFFFFFFFFFFFF7E
:10DAB800FFFFFFFFFFFFFFFFFFFFFFFFFFFFFFFF6E
:10DAC800FFFFFFFFFFFFFFFFFFFFFFFFFFFFFFFF5E
:10DAD800FFFFFFFFFFFFFFFFFFFFFFFFFFFFFFFF4E
:10DAE800FFFFFFFFFFFFFFFFFFFFFFFFFFFFFFFF3E
:10DAF800FFFFFFFFFFFFFFFFFFFFFFFFFFFFFFFF2E
:10DB0800FFFFFFFFFFFFFFFFFFFFFFFFFFFFFFFF1D
:10DB1800FFFFFFFFFFFFFFFFFFFFFFFFFFFFFFFF0D
:10DB2800FFFFFFFFFFFFFFFFFFFFFFFFFFFFFFFFFD
:10DB3800FFFFFFFFFFFFFFFFFFFFFFFFFFFFFFFFED
:10DB4800FFFFFFFFFFFFFFFFFFFFFFFFFFFFFFFFDD
:10DB5800FFFFFFFFFFFFFFFFFFFFFFFFFFFFFFFFCD
:10DB6800FFFFFFFFFFFFFFFFFFFFFFFFFFFFFFFFBD
:10DB7800FFFFFFFFFFFFFFFFFFFFFFFFFFFFFFFFAD
:10DB8800FFFFFFFFFFFFFFFFFFFFFFFFFFFFFFFF9D
:10DB9800FFFFFFFFFFFFFFFFFFFFFFFFFFFFFFFF8D
:10DBA800FFFFFFFFFFFFFFFFFFFFFFFFFFFFFFFF7D
:10DBB800FFFFFFFFFFFFFFFFFFFFFFFFFFFFFFFF6D
:10DBC800FFFFFFFFFFFFFFFFFFFFFFFFFFFFFFFF5D
:10DBD800FFFFFFFFFFFFFFFFFFFFFFFFFFFFFFFF4D
:10DBE800FFFFFFFFFFFFFFFFFFFFFFFFFFFFFFFF3D
:10DBF800FFFFFFFFFFFFFFFFFFFFFFFFFFFFFFFF2D
:10DC0800FFFFFFFFFFFFFFFFFFFFFFFFFFFFFFFF1C
:10DC1800FFFFFFFFFFFFFFFFFFFFFFFFFFFFFFFF0C
:10DC2800FFFFFFFFFFFFFFFFFFFFFFFFFFFFFFFFFC
:10DC3800FFFFFFFFFFFFFFFFFFFFFFFFFFFFFFFFEC
:10DC4800FFFFFFFFFFFFFFFFFFFFFFFFFFFFFFFFDC
:10DC5800FFFFFFFFFFFFFFFFFFFFFFFFFFFFFFFFCC
:10DC6800FFFFFFFFFFFFFFFFFFFFFFFFFFFFFFFFBC
:10DC7800FFFFFFFFFFFFFFFFFFFFFFFFFFFFFFFFAC
:10DC8800FFFFFFFFFFFFFFFFFFFFFFFFFFFFFFFF9C
:10DC9800FFFFFFFFFFFFFFFFFFFFFFFFFFFFFFFF8C
:10DCA800FFFFFFFFFFFFFFFFFFFFFFFFFFFFFFFF7C
:10DCB800FFFFFFFFFFFFFFFFFFFFFFFFFFFFFFFF6C
:10DCC800FFFFFFFFFFFFFFFFFFFFFFFFFFFFFFFF5C
:10DCD800FFFFFFFFFFFFFFFFFFFFFFFFFFFFFFFF4C
:10DCE800FFFFFFFFFFFFFFFFFFFFFFFFFFFFFFFF3C
:10DCF800FFFFFFFFFFFFFFFFFFFFFFFFFFFFFFFF2C
:10DD0800FFFFFFFFFFFFFFFFFFFFFFFFFFFFFFFF1B
:10DD1800FFFFFFFFFFFFFFFFFFFFFFFFFFFFFFFF0B
:10DD2800FFFFFFFFFFFFFFFFFFFFFFFFFFFFFFFFFB
:10DD3800FFFFFFFFFFFFFFFFFFFFFFFFFFFFFFFFEB
:10DD4800FFFFFFFFFFFFFFFFFFFFFFFFFFFFFFFFDB
:10DD5800FFFFFFFFFFFFFFFFFFFFFFFFFFFFFFFFCB
:10DD6800FFFFFFFFFFFFFFFFFFFFFFFFFFFFFFFFBB
:10DD7800FFFFFFFFFFFFFFFFFFFFFFFFFFFFFFFFAB
:10DD8800FFFFFFFFFFFFFFFFFFFFFFFFFFFFFFFF9B
:10DD9800FFFFFFFFFFFFFFFFFFFFFFFFFFFFFFFF8B
:10DDA800FFFFFFFFFFFFFFFFFFFFFFFFFFFFFFFF7B
:10DDB800FFFFFFFFFFFFFFFFFFFFFFFFFFFFFFFF6B
:10DDC800FFFFFFFFFFFFFFFFFFFFFFFFFFFFFFFF5B
:10DDD800FFFFFFFFFFFFFFFFFFFFFFFFFFFFFFFF4B
:10DDE800FFFFFFFFFFFFFFFFFFFFFFFFFFFFFFFF3B
:10DDF800FFFFFFFFFFFFFFFFFFFFFFFFFFFFFFFF2B
:10DE0800FFFFFFFFFFFFFFFFFFFFFFFFFFFFFFFF1A
:10DE1800FFFFFFFFFFFFFFFFFFFFFFFFFFFFFFFF0A
:10DE2800FFFFFFFFFFFFFFFFFFFFFFFFFFFFFFFFFA
:10DE3800FFFFFFFFFFFFFFFFFFFFFFFFFFFFFFFFEA
:10DE4800FFFFFFFFFFFFFFFFFFFFFFFFFFFFFFFFDA
:10DE5800FFFFFFFFFFFFFFFFFFFFFFFFFFFFFFFFCA
:10DE6800FFFFFFFFFFFFFFFFFFFFFFFFFFFFFFFFBA
:10DE7800FFFFFFFFFFFFFFFFFFFFFFFFFFFFFFFFAA
:10DE8800FFFFFFFFFFFFFFFFFFFFFFFFFFFFFFFF9A
:10DE9800FFFFFFFFFFFFFFFFFFFFFFFFFFFFFFFF8A
:10DEA800FFFFFFFFFFFFFFFFFFFFFFFFFFFFFFFF7A
:10DEB800FFFFFFFFFFFFFFFFFFFFFFFFFFFFFFFF6A
:10DEC800FFFFFFFFFFFFFFFFFFFFFFFFFFFFFFFF5A
:10DED800FFFFFFFFFFFFFFFFFFFFFFFFFFFFFFFF4A
:10DEE800FFFFFFFFFFFFFFFFFFFFFFFFFFFFFFFF3A
:10DEF800FFFFFFFFFFFFFFFFFFFFFFFFFFFFFFFF2A
:10DF0800FFFFFFFFFFFFFFFFFFFFFFFFFFFFFFFF19
:10DF1800FFFFFFFFFFFFFFFFFFFFFFFFFFFFFFFF09
:10DF2800FFFFFFFFFFFFFFFFFFFFFFFFFFFFFFFFF9
:10DF3800FFFFFFFFFFFFFFFFFFFFFFFFFFFFFFFFE9
:10DF4800FFFFFFFFFFFFFFFFFFFFFFFFFFFFFFFFD9
:10DF5800FFFFFFFFFFFFFFFFFFFFFFFFFFFFFFFFC9
:10DF6800FFFFFFFFFFFFFFFFFFFFFFFFFFFFFFFFB9
:10DF7800FFFFFFFFFFFFFFFFFFFFFFFFFFFFFFFFA9
:10DF8800FFFFFFFFFFFFFFFFFFFFFFFFFFFFFFFF99
:10DF9800FFFFFFFFFFFFFFFFFFFFFFFFFFFFFFFF89
:10DFA800FFFFFFFFFFFFFFFFFFFFFFFFFFFFFFFF79
:10DFB800FFFFFFFFFFFFFFFFFFFFFFFFFFFFFFFF69
:10DFC800FFFFFFFFFFFFFFFFFFFFFFFFFFFFFFFF59
:10DFD800FFFFFFFFFFFFFFFFFFFFFFFFFFFFFFFF49
:10DFE800FFFFFFFFFFFFFFFFFFFFFFFFFFFFFFFF39
:10DFF800FFFFFFFFFFFFFFFFFFFFFFFFFFFFFFFF29
:10E00800FFFFFFFFFFFFFFFFFFFFFFFFFFFFFFFF18
:10E01800FFFFFFFFFFFFFFFFFFFFFFFFFFFFFFFF08
:10E02800FFFFFFFFFFFFFFFFFFFFFFFFFFFFFFFFF8
:10E03800FFFFFFFFFFFFFFFFFFFFFFFFFFFFFFFFE8
:10E04800FFFFFFFFFFFFFFFFFFFFFFFFFFFFFFFFD8
:10E05800FFFFFFFFFFFFFFFFFFFFFFFFFFFFFFFFC8
:10E06800FFFFFFFFFFFFFFFFFFFFFFFFFFFFFFFFB8
:10E07800FFFFFFFFFFFFFFFFFFFFFFFFFFFFFFFFA8
:10E08800FFFFFFFFFFFFFFFFFFFFFFFFFFFFFFFF98
:10E09800FFFFFFFFFFFFFFFFFFFFFFFFFFFFFFFF88
:10E0A800FFFFFFFFFFFFFFFFFFFFFFFFFFFFFFFF78
:10E0B800FFFFFFFFFFFFFFFFFFFFFFFFFFFFFFFF68
:10E0C800FFFFFFFFFFFFFFFFFFFFFFFFFFFFFFFF58
:10E0D800FFFFFFFFFFFFFFFFFFFFFFFFFFFFFFFF48
:10E0E800FFFFFFFFFFFFFFFFFFFFFFFFFFFFFFFF38
:10E0F800FFFFFFFFFFFFFFFFFFFFFFFFFFFFFFFF28
:10E10800FFFFFFFFFFFFFFFFFFFFFFFFFFFFFFFF17
:10E11800FFFFFFFFFFFFFFFFFFFFFFFFFFFFFFFF07
:10E12800FFFFFFFFFFFFFFFFFFFFFFFFFFFFFFFFF7
:10E13800FFFFFFFFFFFFFFFFFFFFFFFFFFFFFFFFE7
:10E14800FFFFFFFFFFFFFFFFFFFFFFFFFFFFFFFFD7
:10E15800FFFFFFFFFFFFFFFFFFFFFFFFFFFFFFFFC7
:10E16800FFFFFFFFFFFFFFFFFFFFFFFFFFFFFFFFB7
:10E17800FFFFFFFFFFFFFFFFFFFFFFFFFFFFFFFFA7
:10E18800FFFFFFFFFFFFFFFFFFFFFFFFFFFFFFFF97
:10E19800FFFFFFFFFFFFFFFFFFFFFFFFFFFFFFFF87
:10E1A800FFFFFFFFFFFFFFFFFFFFFFFFFFFFFFFF77
:10E1B800FFFFFFFFFFFFFFFFFFFFFFFFFFFFFFFF67
:10E1C800FFFFFFFFFFFFFFFFFFFFFFFFFFFFFFFF57
:10E1D800FFFFFFFFFFFFFFFFFFFFFFFFFFFFFFFF47
:10E1E800FFFFFFFFFFFFFFFFFFFFFFFFFFFFFFFF37
:10E1F800FFFFFFFFFFFFFFFFFFFFFFFFFFFFFFFF27
:10E20800FFFFFFFFFFFFFFFFFFFFFFFFFFFFFFFF16
:10E21800FFFFFFFFFFFFFFFFFFFFFFFFFFFFFFFF06
:10E22800FFFFFFFFFFFFFFFFFFFFFFFFFFFFFFFFF6
:10E23800FFFFFFFFFFFFFFFFFFFFFFFFFFFFFFFFE6
:10E24800FFFFFFFFFFFFFFFFFFFFFFFFFFFFFFFFD6
:10E25800FFFFFFFFFFFFFFFFFFFFFFFFFFFFFFFFC6
:10E26800FFFFFFFFFFFFFFFFFFFFFFFFFFFFFFFFB6
:10E27800FFFFFFFFFFFFFFFFFFFFFFFFFFFFFFFFA6
:10E28800FFFFFFFFFFFFFFFFFFFFFFFFFFFFFFFF96
:10E29800FFFFFFFFFFFFFFFFFFFFFFFFFFFFFFFF86
:10E2A800FFFFFFFFFFFFFFFFFFFFFFFFFFFFFFFF76
:10E2B800FFFFFFFFFFFFFFFFFFFFFFFFFFFFFFFF66
:10E2C800FFFFFFFFFFFFFFFFFFFFFFFFFFFFFFFF56
:10E2D800FFFFFFFFFFFFFFFFFFFFFFFFFFFFFFFF46
:10E2E800FFFFFFFFFFFFFFFFFFFFFFFFFFFFFFFF36
:10E2F800FFFFFFFFFFFFFFFFFFFFFFFFFFFFFFFF26
:10E30800FFFFFFFFFFFFFFFFFFFFFFFFFFFFFFFF15
:10E31800FFFFFFFFFFFFFFFFFFFFFFFFFFFFFFFF05
:10E32800FFFFFFFFFFFFFFFFFFFFFFFFFFFFFFFFF5
:10E33800FFFFFFFFFFFFFFFFFFFFFFFFFFFFFFFFE5
:10E34800FFFFFFFFFFFFFFFFFFFFFFFFFFFFFFFFD5
:10E35800FFFFFFFFFFFFFFFFFFFFFFFFFFFFFFFFC5
:10E36800FFFFFFFFFFFFFFFFFFFFFFFFFFFFFFFFB5
:10E37800FFFFFFFFFFFFFFFFFFFFFFFFFFFFFFFFA5
:10E38800FFFFFFFFFFFFFFFFFFFFFFFFFFFFFFFF95
:10E39800FFFFFFFFFFFFFFFFFFFFFFFFFFFFFFFF85
:10E3A800FFFFFFFFFFFFFFFFFFFFFFFFFFFFFFFF75
:10E3B800FFFFFFFFFFFFFFFFFFFFFFFFFFFFFFFF65
:10E3C800FFFFFFFFFFFFFFFFFFFFFFFFFFFFFFFF55
:10E3D800FFFFFFFFFFFFFFFFFFFFFFFFFFFFFFFF45
:10E3E800FFFFFFFFFFFFFFFFFFFFFFFFFFFFFFFF35
:10E3F800FFFFFFFFFFFFFFFFFFFFFFFFFFFFFFFF25
:10E40800FFFFFFFFFFFFFFFFFFFFFFFFFFFFFFFF14
:10E41800FFFFFFFFFFFFFFFFFFFFFFFFFFFFFFFF04
:10E42800FFFFFFFFFFFFFFFFFFFFFFFFFFFFFFFFF4
:10E43800FFFFFFFFFFFFFFFFFFFFFFFFFFFFFFFFE4
:10E44800FFFFFFFFFFFFFFFFFFFFFFFFFFFFFFFFD4
:10E45800FFFFFFFFFFFFFFFFFFFFFFFFFFFFFFFFC4
:10E46800FFFFFFFFFFFFFFFFFFFFFFFFFFFFFFFFB4
:10E47800FFFFFFFFFFFFFFFFFFFFFFFFFFFFFFFFA4
:10E48800FFFFFFFFFFFFFFFFFFFFFFFFFFFFFFFF94
:10E49800FFFFFFFFFFFFFFFFFFFFFFFFFFFFFFFF84
:10E4A800FFFFFFFFFFFFFFFFFFFFFFFFFFFFFFFF74
:10E4B800FFFFFFFFFFFFFFFFFFFFFFFFFFFFFFFF64
:10E4C800FFFFFFFFFFFFFFFFFFFFFFFFFFFFFFFF54
:10E4D800FFFFFFFFFFFFFFFFFFFFFFFFFFFFFFFF44
:10E4E800FFFFFFFFFFFFFFFFFFFFFFFFFFFFFFFF34
:10E4F800FFFFFFFFFFFFFFFFFFFFFFFFFFFFFFFF24
:10E50800FFFFFFFFFFFFFFFFFFFFFFFFFFFFFFFF13
:10E51800FFFFFFFFFFFFFFFFFFFFFFFFFFFFFFFF03
:10E52800FFFFFFFFFFFFFFFFFFFFFFFFFFFFFFFFF3
:10E53800FFFFFFFFFFFFFFFFFFFFFFFFFFFFFFFFE3
:10E54800FFFFFFFFFFFFFFFFFFFFFFFFFFFFFFFFD3
:10E55800FFFFFFFFFFFFFFFFFFFFFFFFFFFFFFFFC3
:10E56800FFFFFFFFFFFFFFFFFFFFFFFFFFFFFFFFB3
:10E57800FFFFFFFFFFFFFFFFFFFFFFFFFFFFFFFFA3
:10E58800FFFFFFFFFFFFFFFFFFFFFFFFFFFFFFFF93
:10E59800FFFFFFFFFFFFFFFFFFFFFFFFFFFFFFFF83
:10E5A800FFFFFFFFFFFFFFFFFFFFFFFFFFFFFFFF73
:10E5B800FFFFFFFFFFFFFFFFFFFFFFFFFFFFFFFF63
:10E5C800FFFFFFFFFFFFFFFFFFFFFFFFFFFFFFFF53
:10E5D800FFFFFFFFFFFFFFFFFFFFFFFFFFFFFFFF43
:10E5E800FFFFFFFFFFFFFFFFFFFFFFFFFFFFFFFF33
:10E5F800FFFFFFFFFFFFFFFFFFFFFFFFFFFFFFFF23
:10E60800FFFFFFFFFFFFFFFFFFFFFFFFFFFFFFFF12
:10E61800FFFFFFFFFFFFFFFFFFFFFFFFFFFFFFFF02
:10E62800FFFFFFFFFFFFFFFFFFFFFFFFFFFFFFFFF2
:10E63800FFFFFFFFFFFFFFFFFFFFFFFFFFFFFFFFE2
:10E64800FFFFFFFFFFFFFFFFFFFFFFFFFFFFFFFFD2
:10E65800FFFFFFFFFFFFFFFFFFFFFFFFFFFFFFFFC2
:10E66800FFFFFFFFFFFFFFFFFFFFFFFFFFFFFFFFB2
:10E67800FFFFFFFFFFFFFFFFFFFFFFFFFFFFFFFFA2
:10E68800FFFFFFFFFFFFFFFFFFFFFFFFFFFFFFFF92
:10E69800FFFFFFFFFFFFFFFFFFFFFFFFFFFFFFFF82
:10E6A800FFFFFFFFFFFFFFFFFFFFFFFFFFFFFFFF72
:10E6B800FFFFFFFFFFFFFFFFFFFFFFFFFFFFFFFF62
:10E6C800FFFFFFFFFFFFFFFFFFFFFFFFFFFFFFFF52
:10E6D800FFFFFFFFFFFFFFFFFFFFFFFFFFFFFFFF42
:10E6E800FFFFFFFFFFFFFFFFFFFFFFFFFFFFFFFF32
:10E6F800FFFFFFFFFFFFFFFFFFFFFFFFFFFFFFFF22
:10E70800FFFFFFFFFFFFFFFFFFFFFFFFFFFFFFFF11
:10E71800FFFFFFFFFFFFFFFFFFFFFFFFFFFFFFFF01
:10E72800FFFFFFFFFFFFFFFFFFFFFFFFFFFFFFFFF1
:10E73800FFFFFFFFFFFFFFFFFFFFFFFFFFFFFFFFE1
:10E74800FFFFFFFFFFFFFFFFFFFFFFFFFFFFFFFFD1
:10E75800FFFFFFFFFFFFFFFFFFFFFFFFFFFFFFFFC1
:10E76800FFFFFFFFFFFFFFFFFFFFFFFFFFFFFFFFB1
:10E77800FFFFFFFFFFFFFFFFFFFFFFFFFFFFFFFFA1
:10E78800FFFFFFFFFFFFFFFFFFFFFFFFFFFFFFFF91
:10E79800FFFFFFFFFFFFFFFFFFFFFFFFFFFFFFFF81
:10E7A800FFFFFFFFFFFFFFFFFFFFFFFFFFFFFFFF71
:10E7B800FFFFFFFFFFFFFFFFFFFFFFFFFFFFFFFF61
:10E7C800FFFFFFFFFFFFFFFFFFFFFFFFFFFFFFFF51
:10E7D800FFFFFFFFFFFFFFFFFFFFFFFFFFFFFFFF41
:10E7E800FFFFFFFFFFFFFFFFFFFFFFFFFFFFFFFF31
:10E7F800FFFFFFFFFFFFFFFFFFFFFFFFFFFFFFFF21
:10E80800FFFFFFFFFFFFFFFFFFFFFFFFFFFFFFFF10
:10E81800FFFFFFFFFFFFFFFFFFFFFFFFFFFFFFFF00
:10E82800FFFFFFFFFFFFFFFFFFFFFFFFFFFFFFFFF0
:10E83800FFFFFFFFFFFFFFFFFFFFFFFFFFFFFFFFE0
:10E84800FFFFFFFFFFFFFFFFFFFFFFFFFFFFFFFFD0
:10E85800FFFFFFFFFFFFFFFFFFFFFFFFFFFFFFFFC0
:0EE86800FFFFFFFFFFFFFFFFFFFF00F000F0CC
:00000001FF
