--- Symbol List (sorted by symbol)
COLUBK                   0000 ????         (R )
COLUP0                   0000 ????         (R )
DrawP0                   f03e              (R )
Frame                    0000 ????         (R )
GRP0                     0000 ????         (R )
HLoop                    f019              (R )
INEEPROM                 0000                  
MyBGCol                  008e              (R )
MyP0Col                  0050              (R )
OvScan                   f052              (R )
PHeight                  0009              (R )
RESP0                    0000 ????         (R )
Sprite                   f05b              (R )
Start                    0000 ????         (R )
StartX                   000a              (R )
StartY                   0064              (R )
VBLANK                   0000 ????         (R )
VertBl                   f024              (R )
VizArea                  f031              (R )
WSYNC                    0000 ????         (R )
XPos                     0081              (R )
YPos                     0080              (R )
--- End of Symbol List.
