
START OF PASS: 1
 Including file "jeff-jetton-examples/rudin2.asm"
Warning: Unable to open '../_includes/vcs.h'
Warning: Unable to open '../_includes/macro.h'

----------------------------------------------------------------------
SEGMENT NAME                 INIT PC  INIT RPC FINAL PC FINAL RPC
INITIAL CODE SEGMENT         f000                            f000                           
----------------------------------------------------------------------
9 references to unknown symbols.
10 events requiring another assembler pass.
 - Expression in mnemonic not resolved.
 - Expression in a DC not resolved.
 - Label defined after it has been referenced (forward reference).

--- Symbol List (sorted by symbol)
BG_Fire                  002a              (R )
BG_Norm                  0072              (R )
COLUBK                   0000 ????         (R )
COLUPF                   0000 ????         (R )
INEEPROM                 0000                  
INPT4                    0000 ????         (R )
Main                     f005              (R )
MyPFCol                  0018              (R )
PF1                      0000 ????         (R )
Start                    0000 ????         (R )
SWCHA                    0000 ????         (R )
TrigOn                   f018              (R )
--- End of Symbol List.
--- Unresolved Symbol List
COLUBK                   0000 ????         (R )
PF1                      0000 ????         (R )
COLUPF                   0000 ????         (R )
Start                    0000 ????         (R )
INPT4                    0000 ????         (R )
SWCHA                    0000 ????         (R )
--- 6 Unresolved Symbols


START OF PASS: 2
 Including file "jeff-jetton-examples/rudin2.asm"
Warning: Unable to open '../_includes/vcs.h'
Warning: Unable to open '../_includes/macro.h'

----------------------------------------------------------------------
SEGMENT NAME                 INIT PC  INIT RPC FINAL PC FINAL RPC
INITIAL CODE SEGMENT         f000                            f000                           
----------------------------------------------------------------------
8 references to unknown symbols.
8 events requiring another assembler pass.
 - Expression in mnemonic not resolved.
 - Expression in a DC not resolved.

--- Symbol List (sorted by symbol)
BG_Fire                  002a              (R )
BG_Norm                  0072              (R )
COLUBK                   0000 ????         (R )
COLUPF                   0000 ????         (R )
INEEPROM                 0000                  
INPT4                    0000 ????         (R )
Main                     f005              (R )
MyPFCol                  0018              (R )
PF1                      0000 ????         (R )
Start                    0000 ????         (R )
SWCHA                    0000 ????         (R )
TrigOn                   f018              (R )
--- End of Symbol List.
--- Unresolved Symbol List
COLUBK                   0000 ????         (R )
PF1                      0000 ????         (R )
COLUPF                   0000 ????         (R )
Start                    0000 ????         (R )
INPT4                    0000 ????         (R )
SWCHA                    0000 ????         (R )
--- 6 Unresolved Symbols


START OF PASS: 3
 Including file "jeff-jetton-examples/rudin2.asm"
Warning: Unable to open '../_includes/vcs.h'
Warning: Unable to open '../_includes/macro.h'

----------------------------------------------------------------------
SEGMENT NAME                 INIT PC  INIT RPC FINAL PC FINAL RPC
INITIAL CODE SEGMENT         f000                            f000                           
----------------------------------------------------------------------
8 references to unknown symbols.
8 events requiring another assembler pass.
 - Expression in mnemonic not resolved.
 - Expression in a DC not resolved.

--- Symbol List (sorted by symbol)
BG_Fire                  002a              (R )
BG_Norm                  0072              (R )
COLUBK                   0000 ????         (R )
COLUPF                   0000 ????         (R )
INEEPROM                 0000                  
INPT4                    0000 ????         (R )
Main                     f005              (R )
MyPFCol                  0018              (R )
PF1                      0000 ????         (R )
Start                    0000 ????         (R )
SWCHA                    0000 ????         (R )
TrigOn                   f018              (R )
--- End of Symbol List.
--- Unresolved Symbol List
COLUBK                   0000 ????         (R )
PF1                      0000 ????         (R )
COLUPF                   0000 ????         (R )
Start                    0000 ????         (R )
INPT4                    0000 ????         (R )
SWCHA                    0000 ????         (R )
--- 6 Unresolved Symbols

--- Unresolved Symbol List
COLUBK                   0000 ????         (R )
PF1                      0000 ????         (R )
COLUPF                   0000 ????         (R )
Start                    0000 ????         (R )
INPT4                    0000 ????         (R )
SWCHA                    0000 ????         (R )
--- 6 Unresolved Symbols


jeff-jetton-examples/rudin2.asm (22): error: Unknown Mnemonic 'CLEAN_START'.

Fatal assembly error: Source is not resolvable.
