------- FILE jeff-jetton-examples/rudout2.asm LEVEL 1 PASS 2
      1  10000 ????						;---------------------------------------------------------------
      2  10000 ????						;
      3  10000 ????						; Rudimentary output, part 2
      4  10000 ????						;
      5  10000 ????						; Display the result of a math operation
      6  10000 ????						;
      7  10000 ????						;---------------------------------------------------------------
      8  10000 ????
      9  10000 ????				       processor	6502
     10  10000 ????
     11  10000 ????						; Standard includes
     12  10000 ????				       include	"../_includes/vcs.h"
     13  10000 ????				       include	"../_includes/macro.h"
     14  10000 ????
     15  10000 ????
     16  10000 ????						; Color constants
     17  10000 ????		00 06	    MyBGCol    equ	$06
     18  10000 ????		00 46	    MyPFCol    equ	$46
     19  10000 ????
     20  10000 ????
     21  f000					      org	$F000
     22  f000
     23  f000							; Standard initialization
jeff-jetton-examples/rudout2.asm (24): error: Unknown Mnemonic 'CLEAN_START'.
     24  f000				   Start      CLEAN_START
     25  f000
     26  f000							; Set colors
     27  f000		       a9 06		      lda	#MyBGCol
     28  f002		       8d 00 00 	      sta	COLUBK
     29  f005		       a9 46		      lda	#MyPFCol
     30  f007		       8d 00 00 	      sta	COLUPF
     31  f00a
     32  f00a							; What's 2 + 3?
     33  f00a		       a9 02	   DoMath     lda	#2	; Load A with 2
     34  f00c		       18		      clc		; Alway clear carry flag before adding
     35  f00d		       69 03		      adc	#3	; Add 3 to whatever's in A
     36  f00f		       8d 00 00 	      sta	PF1	; Show the result (in binary)
     37  f012
     38  f012		       4c 0a f0 	      jmp	DoMath
     39  f015
     40  fffc					      org	$FFFC
     41  fffc		       00 00		      .word.w	Start
     42  fffe		       00 00		      .word.w	Start
     43  10000
     44  10000
     45  10000
