--- Symbol List (sorted by symbol)
COLUBK                   0000 ????         (R )
COLUPF                   0000 ????         (R )
INEEPROM                 0000                  
LoadA                    f00a              (R )
macro.h                  0000 ????         (R )
MyBGCol                  0004              (R )
MyPFCol                  0046              (R )
PF1                      0000 ????         (R )
Start                    0000 ????         (R )
vcs.h                    0000 ????         (R )
--- End of Symbol List.
