Debug trace ON
char '0'
stackarg 0 (@0)
0MEMORYADDR0 ; Test case for strict mode check for word data size

0MEMORYADDR0 

0MEMORYADDR0 	processor 6502

0MEMORYADDR0 

0MEMORYADDR0 	ORG $f800

char '$'
stackarg 63488 (@0)
0MEMORYADDR0 

0MEMORYADDR0 	.word $10000

char '$'
stackarg 65536 (@0)
0MEMORYADDR0 

basic-strict/toobigword.asm (7): error: Value in 'word 65536' must be <$10000.

Unrecoverable error(s) in pass, aborting assembly!
Complete.
