------- FILE basic/broken6303hack.asm LEVEL 1 PASS 1
      1  0000 ????						; See ../src/BUGS for the details. Here's how to use macros
      2  0000 ????						; to work around the issue.
      3  0000 ????
      4  0000 ????				      .processor	HD6303
      5  0000 ????
      6  0000 ????				      .mac	hack
      7  0000 ????				      dc.b	{1}	; opcode
      8  0000 ????				      dc.b	{2}	; immediate value
      9  0000 ????				      dc.b	{3}	; zero-page address
     10  0000 ????				      .endm
     11  0000 ????
     12  0000 ????				      .mac	aimd
     13  0000 ????				      hack	$71,{1},{2}
     14  0000 ????				      .endm
     15  0000 ????
     16  0000 ????				      .mac	aimx
     17  0000 ????				      hack	$61,{1},{2}
     18  0000 ????				      .endm
     19  0000 ????
     20  0000 ????				      .mac	oimd
     21  0000 ????				      hack	$72,{1},{2}
     22  0000 ????				      .endm
     23  0000 ????
     24  0000 ????				      .mac	oimx
     25  0000 ????				      hack	$62,{1},{2}
     26  0000 ????				      .endm
     27  0000 ????
     28  0000 ????				      .mac	eimd
     29  0000 ????				      hack	$75,{1},{2}
     30  0000 ????				      .endm
     31  0000 ????
     32  0000 ????				      .mac	eimx
     33  0000 ????				      hack	$65,{1},{2}
     34  0000 ????				      .endm
     35  0000 ????
     36  0000 ????				      .mac	timd
     37  0000 ????				      hack	$7b,{1},{2}
     38  0000 ????				      .endm
     39  0000 ????
     40  0000 ????				      .mac	timx
     41  0000 ????				      hack	$6b,{1},{2}
     42  0000 ????				      .endm
     43  0000 ????
     44  0000					      .org	$0
     45  0000
     46  0000							; the broken DASM versions
     47  0000
     48  0000		       71 10		      aim	$10	; assembles to 71 10
     49  0002		       61 10		      aim	$10,x	; assembles to 61 10
     50  0004		       72 10		      oim	$10	; assembles to 72 10
     51  0006		       62 10		      oim	$10,x	; assembles to 62 10
     52  0008		       75 10		      eim	$10	; assembles to 75 10
     53  000a		       65 10		      eim	$10,x	; assembles to 65 10
     54  000c		       7b 10		      tim	$10	; assembles to 7B 10
     55  000e		       6b 10		      tim	$10,x	; assembles to 6B 10
     56  0010
     57  0010							; the fixed macro versions
     58  0010
      0  0010					      aimd	$10,$20	; should be "aim #$10,$20"
      0  0010					      hack	$71,$10,$20
      1  0010		       71		      dc.b	$71
      2  0011		       10		      dc.b	$10
      3  0012		       20		      dc.b	$20
      0  0013					      aimx	$10,$20	; should be "aim #$10,$20,x"
      0  0013					      hack	$61,$10,$20
      1  0013		       61		      dc.b	$61
      2  0014		       10		      dc.b	$10
      3  0015		       20		      dc.b	$20
      0  0016					      oimd	$10,$20	; should be "oim #$10,$20"
      0  0016					      hack	$72,$10,$20
      1  0016		       72		      dc.b	$72
      2  0017		       10		      dc.b	$10
      3  0018		       20		      dc.b	$20
      0  0019					      oimx	$10,$20	; should be "oim #$10,$20,x"
      0  0019					      hack	$62,$10,$20
      1  0019		       62		      dc.b	$62
      2  001a		       10		      dc.b	$10
      3  001b		       20		      dc.b	$20
      0  001c					      eimd	$10,$20	; should be "eim #$10,$20"
      0  001c					      hack	$75,$10,$20
      1  001c		       75		      dc.b	$75
      2  001d		       10		      dc.b	$10
      3  001e		       20		      dc.b	$20
      0  001f					      eimx	$10,$20	; should be "eim #$10,$20,x"
      0  001f					      hack	$65,$10,$20
      1  001f		       65		      dc.b	$65
      2  0020		       10		      dc.b	$10
      3  0021		       20		      dc.b	$20
      0  0022					      timd	$10,$20	; should be "tim #$10,$20"
      0  0022					      hack	$7b,$10,$20
      1  0022		       7b		      dc.b	$7b
      2  0023		       10		      dc.b	$10
      3  0024		       20		      dc.b	$20
      0  0025					      timx	$10,$20	; should be "tim #$10,$20,x"
      0  0025					      hack	$6b,$10,$20
      1  0025		       6b		      dc.b	$6b
      2  0026		       10		      dc.b	$10
      3  0027		       20		      dc.b	$20
     67  0028
     68  0028					      .end
