------- FILE basic/fill.asm LEVEL 1 PASS 1
      1  0000 ????						;
      2  0000 ????						; Test various directives that "fill" memory.
      3  0000 ????						;
      4  0000 ????						; This came about because Dennis Debro posted about .align not
      5  0000 ????						; doing the right thing to the Stella list. Thomas Mathys was
      6  0000 ????						; able to trace this to v_align, which uses the first value
      7  0000 ????						; instead of the second as the actual fill byte. Fixed as of
      8  0000 ????						; release 2.20.12 I hope. :-)
      9  0000 ????						;
     10  0000 ????						; Peter H. Froehlich
     11  0000 ????						; phf at acm dot org
     12  0000 ????
     13  0000 ????				      .processor	6502
     14  0000					      .org	0
     15  0000
     16  0000							; .ds fills with $a5 as required, works
     17  0000		       a5 a5 a5 a5*	      .ds	33, $a5	; always filled $a5
     18  0021							; .align fills with *align* value prior to 2.20.12
     19  0040		       f5 f5 f5 f5*	      .align	64, $f5	; filled $40 <2.20.11, fills $f5 now
     20  0100		       5f 5f 5f 5f*	      .align	256, $5f	; filled $0 <2.20.11, fills $5f now
     21  0100
     22  0100					      .end
